current directory: /Users/janner-gp/Proyectos/personales/buk/notification_hub/vendor/bundle/ruby/4.0.0/gems/io-console-0.9.2/ext/io/console
/usr/local/opt/ruby/bin/ruby extconf.rb
checking for rb_interned_str_cstr()... yes
checking for rb_ractor_local_storage_value_newkey()... yes
checking for rb_io_descriptor() in ruby/io.h... yes
checking for rb_io_path() in ruby/io.h... yes
checking for rb_io_closed_p() in ruby/io.h... yes
checking for rb_io_open_descriptor() in ruby/io.h... yes
checking for termios.h... yes
checking for cfmakeraw() in termios.h... yes
checking for sys/ioctl.h... yes
checking for HAVE_RUBY_FIBER_SCHEDULER_H... yes
checking for rb_category_warn()... yes
checking for RB_WARN_CATEGORY_DEPRECATED... yes
checking for ttyname_r()... yes
checking for rb_prepend_module()... yes
creating Makefile

current directory: /Users/janner-gp/Proyectos/personales/buk/notification_hub/vendor/bundle/ruby/4.0.0/gems/io-console-0.9.2/ext/io/console
make DESTDIR\= sitearchdir\=./.gem.20260826-10063-qyeqg7 sitelibdir\=./.gem.20260826-10063-qyeqg7 clean

current directory: /Users/janner-gp/Proyectos/personales/buk/notification_hub/vendor/bundle/ruby/4.0.0/gems/io-console-0.9.2/ext/io/console
make DESTDIR\= sitearchdir\=./.gem.20260826-10063-qyeqg7 sitelibdir\=./.gem.20260826-10063-qyeqg7
compiling console.c
linking shared-object io/console.bundle
ld: warning: search path '/usr/local/Cellar/openssl@3/3.6.2/lib' not found

current directory: /Users/janner-gp/Proyectos/personales/buk/notification_hub/vendor/bundle/ruby/4.0.0/gems/io-console-0.9.2/ext/io/console
make DESTDIR\= sitearchdir\=./.gem.20260826-10063-qyeqg7 sitelibdir\=./.gem.20260826-10063-qyeqg7 install
/usr/bin/install -c -m 0755 console.bundle ./.gem.20260826-10063-qyeqg7/io

current directory: /Users/janner-gp/Proyectos/personales/buk/notification_hub/vendor/bundle/ruby/4.0.0/gems/io-console-0.9.2/ext/io/console
make DESTDIR\= sitearchdir\=./.gem.20260826-10063-qyeqg7 sitelibdir\=./.gem.20260826-10063-qyeqg7 clean
