current directory: /Users/janner-gp/Proyectos/personales/buk/notification_hub/vendor/bundle/ruby/4.0.0/gems/rbs-4.2.0/ext/rbs_extension
/usr/local/opt/ruby/bin/ruby extconf.rb
checking for whether -std=gnu99 is accepted as CFLAGS... yes
checking for whether -Wimplicit-fallthrough is accepted as CFLAGS... yes
checking for whether -Wunused-result is accepted as CFLAGS... yes
checking for whether -Wc++-compat is accepted as CFLAGS... yes
checking for whether -Wnullable-to-nonnull-conversion is accepted as CFLAGS... yes
checking for whether -DNDEBUG is accepted as CFLAGS... yes
creating Makefile

current directory: /Users/janner-gp/Proyectos/personales/buk/notification_hub/vendor/bundle/ruby/4.0.0/gems/rbs-4.2.0/ext/rbs_extension
make DESTDIR\= sitearchdir\=./.gem.20260826-10063-62ytws sitelibdir\=./.gem.20260826-10063-62ytws clean

current directory: /Users/janner-gp/Proyectos/personales/buk/notification_hub/vendor/bundle/ruby/4.0.0/gems/rbs-4.2.0/ext/rbs_extension
make DESTDIR\= sitearchdir\=./.gem.20260826-10063-62ytws sitelibdir\=./.gem.20260826-10063-62ytws
compiling ./../../src/ast.c
compiling ./../../src/lexer.c
compiling ./../../src/lexstate.c
compiling ./../../src/location.c
compiling ./../../src/parser.c
compiling ./../../src/serialize.c
compiling ./../../src/string.c
compiling ./../../src/util/rbs_allocator.c
compiling ./../../src/util/rbs_assert.c
compiling ./../../src/util/rbs_buffer.c
compiling ./../../src/util/rbs_constant_pool.c
compiling ./../../src/util/rbs_encoding.c
compiling ./../../src/util/rbs_unescape.c
compiling ast_translation.c
compiling class_constants.c
compiling legacy_location.c
compiling main.c
compiling rbs_string_bridging.c
linking shared-object rbs_extension.bundle
ld: warning: search path '/usr/local/Cellar/openssl@3/3.6.2/lib' not found

current directory: /Users/janner-gp/Proyectos/personales/buk/notification_hub/vendor/bundle/ruby/4.0.0/gems/rbs-4.2.0/ext/rbs_extension
make DESTDIR\= sitearchdir\=./.gem.20260826-10063-62ytws sitelibdir\=./.gem.20260826-10063-62ytws install
/usr/bin/install -c -m 0755 rbs_extension.bundle ./.gem.20260826-10063-62ytws

current directory: /Users/janner-gp/Proyectos/personales/buk/notification_hub/vendor/bundle/ruby/4.0.0/gems/rbs-4.2.0/ext/rbs_extension
make DESTDIR\= sitearchdir\=./.gem.20260826-10063-62ytws sitelibdir\=./.gem.20260826-10063-62ytws clean
