append_cflags: checking for whether -std=gnu99 is accepted as CFLAGS... -------------------- yes

DYLD_LIBRARY_PATH=.:/usr/local/Cellar/ruby/4.0.5/lib LSAN_OPTIONS=detect_leaks=0 "clang -o conftest -I/usr/local/Cellar/ruby/4.0.5/include/ruby-4.0.0/x86_64-darwin23 -I/usr/local/Cellar/ruby/4.0.5/include/ruby-4.0.0/ruby/backward -I/usr/local/Cellar/ruby/4.0.5/include/ruby-4.0.0 -I. -I./../../include -I/usr/local/opt/libyaml/include -I/usr/local/opt/openssl@3/include -D_XOPEN_SOURCE -D_DARWIN_C_SOURCE -D_DARWIN_UNLIMITED_SELECT -D_REENTRANT   -fstack-protector-strong -U_FORTIFY_SOURCE -D_FORTIFY_SOURCE=2 -fdeclspec  -O3 -fno-fast-math -ggdb3 -Wall -Wextra -Wextra-tokens -Wdeprecated-declarations -Wdivision-by-zero -Wdiv-by-zero -Wimplicit-function-declaration -Wimplicit-int -Wpointer-arith -Wshorten-64-to-32 -Wwrite-strings -Wold-style-definition -Wmissing-noreturn -Wno-cast-function-type -Wno-constant-logical-operand -Wno-long-long -Wno-missing-field-initializers -Wno-overlength-strings -Wno-parentheses-equality -Wno-self-assign -Wno-tautological-compare -Wno-unused-parameter -Wno-unused-value -Wunused-variable -Wmisleading-indentation -Wundef  -fno-common -pipe conftest.c -L. -L/usr/local/Cellar/ruby/4.0.5/lib -L/usr/local/opt/libyaml/lib -L/usr/local/opt/openssl@3/lib -L. -fstack-protector-strong -L/usr/local/Cellar/libyaml/0.2.5/lib -L/usr/local/Cellar/openssl@3/3.6.2/lib     -lruby.4.0  -lpthread  "
ld: warning: search path '/usr/local/Cellar/openssl@3/3.6.2/lib' not found
checked program was:
/* begin */
1: #include "ruby.h"
2: 
3: int main(int argc, char **argv)
4: {
5:   return !!argv[argc];
6: }
/* end */

DYLD_LIBRARY_PATH=.:/usr/local/Cellar/ruby/4.0.5/lib LSAN_OPTIONS=detect_leaks=0 "clang -I/usr/local/Cellar/ruby/4.0.5/include/ruby-4.0.0/x86_64-darwin23 -I/usr/local/Cellar/ruby/4.0.5/include/ruby-4.0.0/ruby/backward -I/usr/local/Cellar/ruby/4.0.5/include/ruby-4.0.0 -I. -I./../../include -I/usr/local/opt/libyaml/include -I/usr/local/opt/openssl@3/include -D_XOPEN_SOURCE -D_DARWIN_C_SOURCE -D_DARWIN_UNLIMITED_SELECT -D_REENTRANT   -fstack-protector-strong -U_FORTIFY_SOURCE -D_FORTIFY_SOURCE=2 -fdeclspec  -O3 -fno-fast-math -ggdb3 -Wall -Wextra -Wextra-tokens -Wdeprecated-declarations -Wdivision-by-zero -Wdiv-by-zero -Wimplicit-function-declaration -Wimplicit-int -Wpointer-arith -Wshorten-64-to-32 -Wwrite-strings -Wold-style-definition -Wmissing-noreturn -Wno-cast-function-type -Wno-constant-logical-operand -Wno-long-long -Wno-missing-field-initializers -Wno-overlength-strings -Wno-parentheses-equality -Wno-self-assign -Wno-tautological-compare -Wno-unused-parameter -Wno-unused-value -Wunused-variable -Wmisleading-indentation -Wundef  -fno-common -pipe  -std=gnu99 -Werror -c conftest.c"
checked program was:
/* begin */
1: #include "ruby.h"
2: 
3: int main(int argc, char **argv)
4: {
5:   return !!argv[argc];
6: }
/* end */

--------------------

append_cflags: checking for whether -Wimplicit-fallthrough is accepted as CFLAGS... -------------------- yes

DYLD_LIBRARY_PATH=.:/usr/local/Cellar/ruby/4.0.5/lib LSAN_OPTIONS=detect_leaks=0 "clang -I/usr/local/Cellar/ruby/4.0.5/include/ruby-4.0.0/x86_64-darwin23 -I/usr/local/Cellar/ruby/4.0.5/include/ruby-4.0.0/ruby/backward -I/usr/local/Cellar/ruby/4.0.5/include/ruby-4.0.0 -I. -I./../../include -I/usr/local/opt/libyaml/include -I/usr/local/opt/openssl@3/include -D_XOPEN_SOURCE -D_DARWIN_C_SOURCE -D_DARWIN_UNLIMITED_SELECT -D_REENTRANT   -fstack-protector-strong -U_FORTIFY_SOURCE -D_FORTIFY_SOURCE=2 -fdeclspec  -O3 -fno-fast-math -ggdb3 -Wall -Wextra -Wextra-tokens -Wdeprecated-declarations -Wdivision-by-zero -Wdiv-by-zero -Wimplicit-function-declaration -Wimplicit-int -Wpointer-arith -Wshorten-64-to-32 -Wwrite-strings -Wold-style-definition -Wmissing-noreturn -Wno-cast-function-type -Wno-constant-logical-operand -Wno-long-long -Wno-missing-field-initializers -Wno-overlength-strings -Wno-parentheses-equality -Wno-self-assign -Wno-tautological-compare -Wno-unused-parameter -Wno-unused-value -Wunused-variable -Wmisleading-indentation -Wundef  -fno-common -pipe -std=gnu99  -Wimplicit-fallthrough -Werror -c conftest.c"
checked program was:
/* begin */
1: #include "ruby.h"
2: 
3: int main(int argc, char **argv)
4: {
5:   return !!argv[argc];
6: }
/* end */

--------------------

append_cflags: checking for whether -Wunused-result is accepted as CFLAGS... -------------------- yes

DYLD_LIBRARY_PATH=.:/usr/local/Cellar/ruby/4.0.5/lib LSAN_OPTIONS=detect_leaks=0 "clang -I/usr/local/Cellar/ruby/4.0.5/include/ruby-4.0.0/x86_64-darwin23 -I/usr/local/Cellar/ruby/4.0.5/include/ruby-4.0.0/ruby/backward -I/usr/local/Cellar/ruby/4.0.5/include/ruby-4.0.0 -I. -I./../../include -I/usr/local/opt/libyaml/include -I/usr/local/opt/openssl@3/include -D_XOPEN_SOURCE -D_DARWIN_C_SOURCE -D_DARWIN_UNLIMITED_SELECT -D_REENTRANT   -fstack-protector-strong -U_FORTIFY_SOURCE -D_FORTIFY_SOURCE=2 -fdeclspec  -O3 -fno-fast-math -ggdb3 -Wall -Wextra -Wextra-tokens -Wdeprecated-declarations -Wdivision-by-zero -Wdiv-by-zero -Wimplicit-function-declaration -Wimplicit-int -Wpointer-arith -Wshorten-64-to-32 -Wwrite-strings -Wold-style-definition -Wmissing-noreturn -Wno-cast-function-type -Wno-constant-logical-operand -Wno-long-long -Wno-missing-field-initializers -Wno-overlength-strings -Wno-parentheses-equality -Wno-self-assign -Wno-tautological-compare -Wno-unused-parameter -Wno-unused-value -Wunused-variable -Wmisleading-indentation -Wundef  -fno-common -pipe -std=gnu99 -Wimplicit-fallthrough  -Wunused-result -Werror -c conftest.c"
checked program was:
/* begin */
1: #include "ruby.h"
2: 
3: int main(int argc, char **argv)
4: {
5:   return !!argv[argc];
6: }
/* end */

--------------------

append_cflags: checking for whether -Wc++-compat is accepted as CFLAGS... -------------------- yes

DYLD_LIBRARY_PATH=.:/usr/local/Cellar/ruby/4.0.5/lib LSAN_OPTIONS=detect_leaks=0 "clang -I/usr/local/Cellar/ruby/4.0.5/include/ruby-4.0.0/x86_64-darwin23 -I/usr/local/Cellar/ruby/4.0.5/include/ruby-4.0.0/ruby/backward -I/usr/local/Cellar/ruby/4.0.5/include/ruby-4.0.0 -I. -I./../../include -I/usr/local/opt/libyaml/include -I/usr/local/opt/openssl@3/include -D_XOPEN_SOURCE -D_DARWIN_C_SOURCE -D_DARWIN_UNLIMITED_SELECT -D_REENTRANT   -fstack-protector-strong -U_FORTIFY_SOURCE -D_FORTIFY_SOURCE=2 -fdeclspec  -O3 -fno-fast-math -ggdb3 -Wall -Wextra -Wextra-tokens -Wdeprecated-declarations -Wdivision-by-zero -Wdiv-by-zero -Wimplicit-function-declaration -Wimplicit-int -Wpointer-arith -Wshorten-64-to-32 -Wwrite-strings -Wold-style-definition -Wmissing-noreturn -Wno-cast-function-type -Wno-constant-logical-operand -Wno-long-long -Wno-missing-field-initializers -Wno-overlength-strings -Wno-parentheses-equality -Wno-self-assign -Wno-tautological-compare -Wno-unused-parameter -Wno-unused-value -Wunused-variable -Wmisleading-indentation -Wundef  -fno-common -pipe -std=gnu99 -Wimplicit-fallthrough -Wunused-result  -Wc++-compat -Werror -c conftest.c"
checked program was:
/* begin */
1: #include "ruby.h"
2: 
3: int main(int argc, char **argv)
4: {
5:   return !!argv[argc];
6: }
/* end */

--------------------

append_cflags: checking for whether -Wnullable-to-nonnull-conversion is accepted as CFLAGS... -------------------- yes

DYLD_LIBRARY_PATH=.:/usr/local/Cellar/ruby/4.0.5/lib LSAN_OPTIONS=detect_leaks=0 "clang -I/usr/local/Cellar/ruby/4.0.5/include/ruby-4.0.0/x86_64-darwin23 -I/usr/local/Cellar/ruby/4.0.5/include/ruby-4.0.0/ruby/backward -I/usr/local/Cellar/ruby/4.0.5/include/ruby-4.0.0 -I. -I./../../include -I/usr/local/opt/libyaml/include -I/usr/local/opt/openssl@3/include -D_XOPEN_SOURCE -D_DARWIN_C_SOURCE -D_DARWIN_UNLIMITED_SELECT -D_REENTRANT   -fstack-protector-strong -U_FORTIFY_SOURCE -D_FORTIFY_SOURCE=2 -fdeclspec  -O3 -fno-fast-math -ggdb3 -Wall -Wextra -Wextra-tokens -Wdeprecated-declarations -Wdivision-by-zero -Wdiv-by-zero -Wimplicit-function-declaration -Wimplicit-int -Wpointer-arith -Wshorten-64-to-32 -Wwrite-strings -Wold-style-definition -Wmissing-noreturn -Wno-cast-function-type -Wno-constant-logical-operand -Wno-long-long -Wno-missing-field-initializers -Wno-overlength-strings -Wno-parentheses-equality -Wno-self-assign -Wno-tautological-compare -Wno-unused-parameter -Wno-unused-value -Wunused-variable -Wmisleading-indentation -Wundef  -fno-common -pipe -std=gnu99 -Wimplicit-fallthrough -Wunused-result -Wc++-compat  -Wnullable-to-nonnull-conversion -Werror -c conftest.c"
checked program was:
/* begin */
1: #include "ruby.h"
2: 
3: int main(int argc, char **argv)
4: {
5:   return !!argv[argc];
6: }
/* end */

--------------------

append_cflags: checking for whether -DNDEBUG is accepted as CFLAGS... -------------------- yes

DYLD_LIBRARY_PATH=.:/usr/local/Cellar/ruby/4.0.5/lib LSAN_OPTIONS=detect_leaks=0 "clang -I/usr/local/Cellar/ruby/4.0.5/include/ruby-4.0.0/x86_64-darwin23 -I/usr/local/Cellar/ruby/4.0.5/include/ruby-4.0.0/ruby/backward -I/usr/local/Cellar/ruby/4.0.5/include/ruby-4.0.0 -I. -I./../../include -I/usr/local/opt/libyaml/include -I/usr/local/opt/openssl@3/include -D_XOPEN_SOURCE -D_DARWIN_C_SOURCE -D_DARWIN_UNLIMITED_SELECT -D_REENTRANT   -fstack-protector-strong -U_FORTIFY_SOURCE -D_FORTIFY_SOURCE=2 -fdeclspec  -O3 -fno-fast-math -ggdb3 -Wall -Wextra -Wextra-tokens -Wdeprecated-declarations -Wdivision-by-zero -Wdiv-by-zero -Wimplicit-function-declaration -Wimplicit-int -Wpointer-arith -Wshorten-64-to-32 -Wwrite-strings -Wold-style-definition -Wmissing-noreturn -Wno-cast-function-type -Wno-constant-logical-operand -Wno-long-long -Wno-missing-field-initializers -Wno-overlength-strings -Wno-parentheses-equality -Wno-self-assign -Wno-tautological-compare -Wno-unused-parameter -Wno-unused-value -Wunused-variable -Wmisleading-indentation -Wundef  -fno-common -pipe -std=gnu99 -Wimplicit-fallthrough -Wunused-result -Wc++-compat -Wnullable-to-nonnull-conversion  -DNDEBUG -Werror -c conftest.c"
checked program was:
/* begin */
1: #include "ruby.h"
2: 
3: int main(int argc, char **argv)
4: {
5:   return !!argv[argc];
6: }
/* end */

--------------------

